--- Startup times for process: Primary (or UI client) ---

times in msec
 clock   self+sourced   self:  sourced script
 clock   elapsed:              other lines

000.007  000.007: --- NVIM STARTING ---
000.073  000.066: event init
000.193  000.120: early init
015.208  015.015: locale set
015.255  000.047: init first window
016.670  001.415: inits 1
016.696  000.027: window checked
016.703  000.007: parsing arguments
017.821  000.498  000.498: require('vim._core.shared')
018.541  000.005  000.005: require('string.buffer')
018.570  000.211  000.206: require('vim.inspect')
018.869  000.289  000.289: require('vim._core.options')
018.873  001.044  000.545: require('vim._core.editor')
019.030  000.153  000.153: require('vim._core.system')
019.033  001.802  000.107: require('vim._init_packages')
019.047  000.542: init lua interpreter
033.762  014.715: nvim_ui_attach
034.050  000.288: nvim_set_client_info
034.058  000.008: --- NVIM STARTED ---

--- Startup times for process: Embedded ---

times in msec
 clock   self+sourced   self:  sourced script
 clock   elapsed:              other lines

000.006  000.006: --- NVIM STARTING ---
000.055  000.049: event init
000.171  000.116: early init
015.328  015.157: locale set
015.377  000.049: init first window
016.657  001.280: inits 1
016.680  000.024: window checked
016.687  000.006: parsing arguments
017.703  000.470  000.470: require('vim._core.shared')
018.438  000.004  000.004: require('string.buffer')
018.467  000.209  000.205: require('vim.inspect')
018.814  000.331  000.331: require('vim._core.options')
018.820  001.110  000.570: require('vim._core.editor')
018.972  000.149  000.149: require('vim._core.system')
018.975  001.828  000.099: require('vim._init_packages')
018.986  000.471: init lua interpreter
020.172  001.186: expanding arguments
020.194  000.022: inits 2
020.525  000.331: init highlight
020.527  000.003: waiting for UI
020.590  000.063: done waiting for UI
020.616  000.026: clear screen
021.339  000.040  000.040: require('vim.keymap')
022.030  000.149  000.149: sourcing nvim_exec2()
022.084  000.025  000.025: require('vim._core.log')
024.132  003.510  003.295: require('vim._core.defaults')
024.141  000.016: init default mappings & autocommands
025.626  000.138  000.138: sourcing C:\Program Files\Neovim\share\nvim\runtime\ftplugin.vim
026.489  000.082  000.082: sourcing C:\Program Files\Neovim\share\nvim\runtime\indent.vim
028.670  000.801  000.801: require('config.lazy')
029.885  001.207  001.207: require('lazy')
029.930  000.025  000.025: require('ffi')
030.605  000.382  000.382: require('vim.fs')
031.176  000.563  000.563: require('vim.uri')
031.214  001.277  000.332: require('vim.loader')
031.886  000.637  000.637: require('lazy.stats')
032.742  000.349  000.349: require('lazy.core.util')
033.069  000.319  000.319: require('lazy.core.config')
033.788  000.392  000.392: require('lazy.core.handler')
034.649  000.253  000.253: require('lazy.pkg')
034.658  000.518  000.266: require('lazy.core.meta')
034.664  000.869  000.350: require('lazy.core.plugin')
034.670  001.595  000.335: require('lazy.core.loader')
035.504  000.346  000.346: require('lazy.core.fragments')
036.879  000.296  000.296: require('vc')
037.144  000.257  000.257: require('color')
041.016  000.309  000.309: require('lazy.core.handler.keys')
041.288  000.262  000.262: require('lazy.core.handler.event')
041.560  000.264  000.264: require('lazy.core.handler.ft')
041.801  000.233  000.233: require('lazy.core.handler.cmd')
043.348  000.427  000.427: sourcing nvim_exec2() called at C:\Program Files\Neovim\share/nvim/runtime/filetype.lua:0
043.358  000.704  000.278: sourcing C:\Program Files\Neovim\share/nvim/runtime/filetype.lua
043.372  001.048  000.344: sourcing nvim_exec2() called at C:\Users\cs23047\AppData\Local\nvim\init.lua:0
044.121  000.290  000.290: sourcing C:/Users/cs23047/AppData/Local/nvim-data/lazy/nvim-lspconfig/plugin/lspconfig.lua
044.141  000.573  000.283: sourcing nvim_exec2() called at C:\Users\cs23047\AppData\Local\nvim\init.lua:0
044.152  000.004  000.004: sourcing nvim_exec2() called at C:\Users\cs23047\AppData\Local\nvim\init.lua:0
044.190  000.002  000.002: sourcing nvim_exec2() called at C:\Users\cs23047\AppData\Local\nvim\init.lua:0
045.205  000.062  000.062: sourcing C:/Users/cs23047/AppData/Local/nvim-data/lazy/nvim-web-devicons/plugin/nvim-web-devicons.vim
045.227  000.329  000.267: sourcing nvim_exec2() called at C:\Users\cs23047\AppData\Local\nvim\init.lua:0
045.239  000.002  000.002: sourcing nvim_exec2() called at C:\Users\cs23047\AppData\Local\nvim\init.lua:0
045.299  000.002  000.002: sourcing nvim_exec2() called at C:\Users\cs23047\AppData\Local\nvim\init.lua:0
047.261  001.103  001.103: require('nvim-tree.commands')
047.360  001.608  000.505: sourcing C:/Users/cs23047/AppData/Local/nvim-data/lazy/nvim-tree.lua/plugin/nvim-tree.lua
047.383  001.995  000.387: sourcing nvim_exec2() called at C:\Users\cs23047\AppData\Local\nvim\init.lua:0
047.398  000.005  000.005: sourcing nvim_exec2() called at C:\Users\cs23047\AppData\Local\nvim\init.lua:0
047.448  000.002  000.002: sourcing nvim_exec2() called at C:\Users\cs23047\AppData\Local\nvim\init.lua:0
047.897  000.407  000.407: require('nvim-tree')
048.545  000.302  000.302: require('nvim-tree._meta.api.appearance')
048.871  000.319  000.319: require('nvim-tree._meta.api.commands')
049.242  000.362  000.362: require('nvim-tree._meta.api.config')
049.623  000.374  000.374: require('nvim-tree._meta.api.events')
050.000  000.369  000.369: require('nvim-tree._meta.api.filter')
050.300  000.293  000.293: require('nvim-tree._meta.api.fs')
050.567  000.260  000.260: require('nvim-tree._meta.api.git')
050.805  000.232  000.232: require('nvim-tree._meta.api.map')
051.051  000.239  000.239: require('nvim-tree._meta.api.marks')
051.311  000.254  000.254: require('nvim-tree._meta.api.node')
051.575  000.245  000.245: require('nvim-tree._meta.api.tree')
052.137  000.314  000.314: require('nvim-tree.classic')
052.147  000.565  000.251: require('nvim-tree._meta.api.decorator')
052.611  000.461  000.461: require('nvim-tree._meta.api.deprecated')
053.136  000.515  000.515: require('nvim-tree.api.impl')
053.727  000.466  000.466: require('nvim-tree.renderer.decorator')
054.232  000.497  000.497: require('nvim-tree.legacy')
054.241  006.337  000.581: require('nvim-tree.api')
054.690  000.446  000.446: require('nvim-tree.appearance')
056.365  000.334  000.334: require('vim.F')
056.497  001.074  000.740: require('vim.diagnostic')
056.510  001.520  000.446: require('nvim-tree.config')
056.514  001.816  000.296: require('nvim-tree.autocmd')
056.853  000.336  000.336: require('nvim-tree.log')
057.124  000.265  000.265: require('nvim-tree.view-state')
058.414  001.044  001.044: sourcing nvim_exec2() called at C:\Users\cs23047\AppData\Local\nvim\init.lua:0
058.436  000.010  000.010: sourcing nvim_exec2() called at C:\Users\cs23047\AppData\Local\nvim\init.lua:0
058.861  000.004  000.004: sourcing nvim_exec2() called at C:\Users\cs23047\AppData\Local\nvim\init.lua:0
058.886  000.002  000.002: sourcing nvim_exec2() called at C:\Users\cs23047\AppData\Local\nvim\init.lua:0
060.085  000.289  000.289: require('lualine_require')
061.106  002.082  001.793: require('lualine')
061.535  000.014  000.014: sourcing nvim_exec2() called at C:\Users\cs23047\AppData\Local\nvim\init.lua:0
063.070  000.013  000.013: sourcing nvim_exec2() called at C:\Users\cs23047\AppData\Local\nvim\init.lua:0
063.184  000.007  000.007: sourcing nvim_exec2() called at C:\Users\cs23047\AppData\Local\nvim\init.lua:0
063.226  000.004  000.004: sourcing nvim_exec2() called at C:\Users\cs23047\AppData\Local\nvim\init.lua:0
063.275  000.003  000.003: sourcing nvim_exec2() called at C:\Users\cs23047\AppData\Local\nvim\init.lua:0
063.296  000.003  000.003: sourcing nvim_exec2() called at C:\Users\cs23047\AppData\Local\nvim\init.lua:0
063.316  000.003  000.003: sourcing nvim_exec2() called at C:\Users\cs23047\AppData\Local\nvim\init.lua:0
063.339  000.003  000.003: sourcing nvim_exec2() called at C:\Users\cs23047\AppData\Local\nvim\init.lua:0
063.363  000.003  000.003: sourcing nvim_exec2() called at C:\Users\cs23047\AppData\Local\nvim\init.lua:0
063.388  000.002  000.002: sourcing nvim_exec2() called at C:\Users\cs23047\AppData\Local\nvim\init.lua:0
063.410  000.003  000.003: sourcing nvim_exec2() called at C:\Users\cs23047\AppData\Local\nvim\init.lua:0
063.425  000.012  000.012: sourcing nvim_exec2() called at C:\Users\cs23047\AppData\Local\nvim\init.lua:0
070.237  000.030  000.030: sourcing nvim_exec2() called at C:\Users\cs23047\AppData\Local\nvim\init.lua:0
070.826  000.019  000.019: sourcing nvim_exec2() called at C:\Users\cs23047\AppData\Local\nvim\init.lua:0
070.865  000.006  000.006: sourcing nvim_exec2() called at C:\Users\cs23047\AppData\Local\nvim\init.lua:0
070.894  000.004  000.004: sourcing nvim_exec2() called at C:\Users\cs23047\AppData\Local\nvim\init.lua:0
070.934  000.004  000.004: sourcing nvim_exec2() called at C:\Users\cs23047\AppData\Local\nvim\init.lua:0
070.958  000.003  000.003: sourcing nvim_exec2() called at C:\Users\cs23047\AppData\Local\nvim\init.lua:0
071.168  000.008  000.008: sourcing nvim_exec2() called at C:\Users\cs23047\AppData\Local\nvim\init.lua:0
071.193  000.004  000.004: sourcing nvim_exec2() called at C:\Users\cs23047\AppData\Local\nvim\init.lua:0
071.204  000.002  000.002: sourcing nvim_exec2() called at C:\Users\cs23047\AppData\Local\nvim\init.lua:0
072.969  000.012  000.012: sourcing nvim_exec2() called at C:\Users\cs23047\AppData\Local\nvim\init.lua:0
072.998  000.004  000.004: sourcing nvim_exec2() called at C:\Users\cs23047\AppData\Local\nvim\init.lua:0
073.043  000.003  000.003: sourcing nvim_exec2() called at C:\Users\cs23047\AppData\Local\nvim\init.lua:0
073.065  000.003  000.003: sourcing nvim_exec2() called at C:\Users\cs23047\AppData\Local\nvim\init.lua:0
073.086  000.003  000.003: sourcing nvim_exec2() called at C:\Users\cs23047\AppData\Local\nvim\init.lua:0
073.109  000.003  000.003: sourcing nvim_exec2() called at C:\Users\cs23047\AppData\Local\nvim\init.lua:0
073.130  000.003  000.003: sourcing nvim_exec2() called at C:\Users\cs23047\AppData\Local\nvim\init.lua:0
073.154  000.003  000.003: sourcing nvim_exec2() called at C:\Users\cs23047\AppData\Local\nvim\init.lua:0
073.174  000.003  000.003: sourcing nvim_exec2() called at C:\Users\cs23047\AppData\Local\nvim\init.lua:0
073.194  000.002  000.002: sourcing nvim_exec2() called at C:\Users\cs23047\AppData\Local\nvim\init.lua:0
073.213  000.002  000.002: sourcing nvim_exec2() called at C:\Users\cs23047\AppData\Local\nvim\init.lua:0
073.233  000.003  000.003: sourcing nvim_exec2() called at C:\Users\cs23047\AppData\Local\nvim\init.lua:0
073.253  000.002  000.002: sourcing nvim_exec2() called at C:\Users\cs23047\AppData\Local\nvim\init.lua:0
073.273  000.003  000.003: sourcing nvim_exec2() called at C:\Users\cs23047\AppData\Local\nvim\init.lua:0
073.296  000.003  000.003: sourcing nvim_exec2() called at C:\Users\cs23047\AppData\Local\nvim\init.lua:0
073.341  000.003  000.003: sourcing nvim_exec2() called at C:\Users\cs23047\AppData\Local\nvim\init.lua:0
073.361  000.002  000.002: sourcing nvim_exec2() called at C:\Users\cs23047\AppData\Local\nvim\init.lua:0
073.380  000.002  000.002: sourcing nvim_exec2() called at C:\Users\cs23047\AppData\Local\nvim\init.lua:0
073.401  000.003  000.003: sourcing nvim_exec2() called at C:\Users\cs23047\AppData\Local\nvim\init.lua:0
073.420  000.003  000.003: sourcing nvim_exec2() called at C:\Users\cs23047\AppData\Local\nvim\init.lua:0
073.441  000.003  000.003: sourcing nvim_exec2() called at C:\Users\cs23047\AppData\Local\nvim\init.lua:0
073.463  000.003  000.003: sourcing nvim_exec2() called at C:\Users\cs23047\AppData\Local\nvim\init.lua:0
073.483  000.002  000.002: sourcing nvim_exec2() called at C:\Users\cs23047\AppData\Local\nvim\init.lua:0
073.507  000.002  000.002: sourcing nvim_exec2() called at C:\Users\cs23047\AppData\Local\nvim\init.lua:0
073.527  000.003  000.003: sourcing nvim_exec2() called at C:\Users\cs23047\AppData\Local\nvim\init.lua:0
073.546  000.002  000.002: sourcing nvim_exec2() called at C:\Users\cs23047\AppData\Local\nvim\init.lua:0
073.565  000.002  000.002: sourcing nvim_exec2() called at C:\Users\cs23047\AppData\Local\nvim\init.lua:0
073.585  000.003  000.003: sourcing nvim_exec2() called at C:\Users\cs23047\AppData\Local\nvim\init.lua:0
078.517  000.185  000.185: sourcing nvim_exec2() called at C:\Users\cs23047\AppData\Local\nvim\init.lua:0
078.544  000.010  000.010: sourcing nvim_exec2() called at C:\Users\cs23047\AppData\Local\nvim\init.lua:0
084.585  000.025  000.025: sourcing nvim_exec2() called at C:\Users\cs23047\AppData\Local\nvim\init.lua:0
084.623  000.006  000.006: sourcing nvim_exec2() called at C:\Users\cs23047\AppData\Local\nvim\init.lua:0
084.649  000.005  000.005: sourcing nvim_exec2() called at C:\Users\cs23047\AppData\Local\nvim\init.lua:0
084.700  000.006  000.006: sourcing nvim_exec2() called at C:\Users\cs23047\AppData\Local\nvim\init.lua:0
084.791  000.007  000.007: sourcing nvim_exec2() called at C:\Users\cs23047\AppData\Local\nvim\init.lua:0
084.821  000.005  000.005: sourcing nvim_exec2() called at C:\Users\cs23047\AppData\Local\nvim\init.lua:0
084.852  000.006  000.006: sourcing nvim_exec2() called at C:\Users\cs23047\AppData\Local\nvim\init.lua:0
088.588  000.035  000.035: sourcing nvim_exec2() called at C:\Users\cs23047\AppData\Local\nvim\init.lua:0
088.730  000.007  000.007: sourcing nvim_exec2() called at C:\Users\cs23047\AppData\Local\nvim\init.lua:0
088.749  000.002  000.002: sourcing nvim_exec2() called at C:\Users\cs23047\AppData\Local\nvim\init.lua:0
088.779  000.013  000.013: sourcing nvim_exec2() called at C:\Users\cs23047\AppData\Local\nvim\init.lua:0
089.035  000.216  000.216: sourcing nvim_exec2() called at C:\Users\cs23047\AppData\Local\nvim\init.lua:0
089.063  000.021  000.021: sourcing nvim_exec2() called at C:\Users\cs23047\AppData\Local\nvim\init.lua:0
089.075  000.005  000.005: sourcing nvim_exec2() called at C:\Users\cs23047\AppData\Local\nvim\init.lua:0
089.197  000.117  000.117: sourcing nvim_exec2() called at C:\Users\cs23047\AppData\Local\nvim\init.lua:0
089.213  000.011  000.011: sourcing nvim_exec2() called at C:\Users\cs23047\AppData\Local\nvim\init.lua:0
089.227  000.004  000.004: sourcing nvim_exec2() called at C:\Users\cs23047\AppData\Local\nvim\init.lua:0
089.453  000.003  000.003: sourcing nvim_exec2() called at C:\Users\cs23047\AppData\Local\nvim\init.lua:0
089.480  000.001  000.001: sourcing nvim_exec2() called at C:\Users\cs23047\AppData\Local\nvim\init.lua:0
092.674  000.502  000.502: require('ibl.utils')
092.690  001.124  000.622: require('ibl.config')
093.538  000.394  000.394: require('ibl.indent')
093.551  000.857  000.463: require('ibl.hooks')
093.559  002.729  000.748: require('ibl.highlights')
093.934  000.371  000.371: require('ibl.autocmds')
094.368  000.426  000.426: require('ibl.inlay_hints')
094.802  000.426  000.426: require('ibl.virt_text')
095.969  000.680  000.680: require('ibl.scope_languages')
095.979  001.169  000.489: require('ibl.scope')
095.990  006.496  001.373: require('ibl')
096.619  000.593  000.593: require('vim.iter')
100.055  001.765  001.765: require('vim.lsp.protocol')
100.129  002.417  000.652: require('vim.lsp.log')
101.004  000.063  000.063: require('vim._core.util')
101.022  000.886  000.823: require('vim.lsp.util')
102.221  000.584  000.584: require('vim.lsp.sync')
102.231  001.205  000.620: require('vim.lsp._changetracking')
103.384  000.538  000.538: require('vim.lsp._transport')
103.440  000.049  000.049: require('vim._core.stringbuffer')
103.488  001.253  000.665: require('vim.lsp.rpc')
103.547  006.837  001.077: require('vim.lsp')
104.824  000.653  000.653: require('vim.lsp.completion')
104.877  001.319  000.666: require('vim.lsp.handlers')
106.888  000.556  000.556: require('vim.version')
109.156  001.170  001.170: require('hop')
110.365  000.589  000.589: require('hop.perm')
110.991  000.619  000.619: require('hop.window')
111.002  001.838  000.630: require('hop.hint')
111.058  005.296  001.732: sourcing C:/Users/cs23047/AppData/Local/nvim-data/lazy/hop.nvim/plugin/hop.lua
111.079  005.910  000.615: sourcing nvim_exec2() called at C:\Users\cs23047\AppData\Local\nvim\init.lua:0
111.094  000.006  000.006: sourcing nvim_exec2() called at C:\Users\cs23047\AppData\Local\nvim\init.lua:0
111.142  000.002  000.002: sourcing nvim_exec2() called at C:\Users\cs23047\AppData\Local\nvim\init.lua:0
111.701  000.551  000.551: require('hop.defaults')
112.293  000.583  000.583: require('hop.highlight')
112.949  000.613  000.613: require('hop-yank')
113.668  000.661  000.661: require('hop-treesitter')
115.363  000.012  000.012: sourcing nvim_exec2() called at C:/Users/cs23047/AppData/Local/nvim-data/lazy/dial.nvim/plugin/dial.lua:0
119.897  000.589  000.589: require('dial.util')
119.905  001.178  000.589: require('dial.augend.common')
119.912  001.825  000.647: require('dial.augend.case')
120.597  000.682  000.682: require('dial.augend.constant')
121.654  001.049  001.049: require('dial.augend.date')
122.341  000.679  000.679: require('dial.augend.decimal_fraction')
122.926  000.578  000.578: require('dial.augend.hexcolor')
123.618  000.685  000.685: require('dial.augend.integer')
124.335  000.634  000.634: require('dial.augend.semver')
124.766  000.424  000.424: require('dial.augend.user')
125.191  000.419  000.419: require('dial.augend.paren')
125.558  000.361  000.361: require('dial.augend.misc')
125.564  007.963  000.626: require('dial.augend')
125.672  008.602  000.639: require('dial.config')
126.278  000.603  000.603: require('dial.handle')
126.285  009.721  000.515: require('dial.command')
126.290  010.917  001.196: require('dial.map')
126.472  011.811  000.881: sourcing C:/Users/cs23047/AppData/Local/nvim-data/lazy/dial.nvim/plugin/dial.lua
126.495  012.532  000.722: sourcing nvim_exec2() called at C:\Users\cs23047\AppData\Local\nvim\init.lua:0
126.612  000.006  000.006: sourcing nvim_exec2() called at C:\Users\cs23047\AppData\Local\nvim\init.lua:0
126.660  000.003  000.003: sourcing nvim_exec2() called at C:\Users\cs23047\AppData\Local\nvim\init.lua:0
129.450  001.475  001.475: require('nvim-surround')
129.534  002.108  000.632: sourcing C:/Users/cs23047/AppData/Local/nvim-data/lazy/nvim-surround/plugin/nvim-surround.lua
129.560  002.608  000.501: sourcing nvim_exec2() called at C:\Users\cs23047\AppData\Local\nvim\init.lua:0
129.579  000.006  000.006: sourcing nvim_exec2() called at C:\Users\cs23047\AppData\Local\nvim\init.lua:0
129.638  000.002  000.002: sourcing nvim_exec2() called at C:\Users\cs23047\AppData\Local\nvim\init.lua:0
130.928  000.509  000.509: require('nvim-surround.input')
131.014  001.349  000.840: require('nvim-surround.config')
132.046  000.121  000.121: sourcing C:/Users/cs23047/AppData/Local/nvim-data/lazy/lexima.vim/plugin/lexima.vim
132.064  000.792  000.671: sourcing nvim_exec2() called at C:\Users\cs23047\AppData\Local\nvim\init.lua:0
132.078  000.002  000.002: sourcing nvim_exec2() called at C:\Users\cs23047\AppData\Local\nvim\init.lua:0
132.124  000.001  000.001: sourcing nvim_exec2() called at C:\Users\cs23047\AppData\Local\nvim\init.lua:0
132.646  000.003  000.003: sourcing nvim_exec2() called at C:\Users\cs23047\AppData\Local\nvim\init.lua:0
132.670  000.001  000.001: sourcing nvim_exec2() called at C:\Users\cs23047\AppData\Local\nvim\init.lua:0
134.965  000.636  000.636: require('smear_cursor.config')
135.472  000.499  000.499: require('smear_cursor.math')
135.532  001.801  000.667: require('smear_cursor.color')
137.556  000.854  000.854: require('smear_cursor.draw')
138.078  000.514  000.514: require('smear_cursor.screen')
138.109  002.061  000.693: require('smear_cursor.animation')
138.117  002.582  000.521: require('smear_cursor.events')
138.122  005.414  001.031: require('smear_cursor')
139.030  000.222  000.222: sourcing C:/Users/cs23047/AppData/Local/nvim-data/lazy/vim-indent-object/plugin/indent-object.vim
139.045  000.668  000.446: sourcing nvim_exec2() called at C:\Users\cs23047\AppData\Local\nvim\init.lua:0
139.056  000.002  000.002: sourcing nvim_exec2() called at C:\Users\cs23047\AppData\Local\nvim\init.lua:0
139.095  000.001  000.001: sourcing nvim_exec2() called at C:\Users\cs23047\AppData\Local\nvim\init.lua:0
140.210  000.005  000.005: sourcing nvim_exec2() called at C:\Users\cs23047\AppData\Local\nvim\init.lua:0
140.239  000.002  000.002: sourcing nvim_exec2() called at C:\Users\cs23047\AppData\Local\nvim\init.lua:0
140.780  000.004  000.004: sourcing nvim_exec2() called at C:\Users\cs23047\AppData\Local\nvim\init.lua:0
140.865  000.060  000.060: sourcing nvim_exec2() called at C:\Users\cs23047\AppData\Local\nvim\init.lua:0
142.599  001.014  001.014: require('blink.cmp')
143.513  000.462  000.462: require('blink.cmp.lib.async')
144.296  000.376  000.376: require('blink.cmp.config.utils')
144.631  000.326  000.326: require('blink.cmp.config.keymap')
145.484  000.388  000.388: require('blink.cmp.config.completion.keyword')
145.918  000.426  000.426: require('blink.cmp.config.completion.trigger')
146.346  000.419  000.419: require('blink.cmp.config.completion.list')
146.737  000.383  000.383: require('blink.cmp.config.completion.accept')
147.117  000.373  000.373: require('blink.cmp.config.completion.menu')
147.678  000.553  000.553: require('blink.cmp.config.completion.documentation')
148.092  000.405  000.405: require('blink.cmp.config.completion.ghost_text')
148.100  003.461  000.514: require('blink.cmp.config.completion')
148.534  000.430  000.430: require('blink.cmp.config.fuzzy')
149.011  000.470  000.470: require('blink.cmp.config.sources')
149.470  000.451  000.451: require('blink.cmp.config.signature')
150.039  000.563  000.563: require('blink.cmp.config.snippets')
150.485  000.439  000.439: require('blink.cmp.config.appearance')
150.913  000.422  000.422: require('blink.cmp.config.modes.cmdline')
151.311  000.391  000.391: require('blink.cmp.config.modes.term')
151.321  007.798  000.468: require('blink.cmp.config')
151.767  000.443  000.443: require('blink.cmp.lib.utils')
152.113  000.338  000.338: require('blink.cmp.lib.event_emitter')
152.125  009.519  000.479: require('blink.cmp.sources.lib')
152.146  010.916  000.382: sourcing C:/Users/cs23047/AppData/Local/nvim-data/lazy/blink.cmp/plugin/blink-cmp.lua
152.168  011.235  000.320: sourcing nvim_exec2() called at C:\Users\cs23047\AppData\Local\nvim\init.lua:0
152.186  000.006  000.006: sourcing nvim_exec2() called at C:\Users\cs23047\AppData\Local\nvim\init.lua:0
152.231  000.002  000.002: sourcing nvim_exec2() called at C:\Users\cs23047\AppData\Local\nvim\init.lua:0
152.732  000.434  000.434: require('blink-cmp')
153.808  000.369  000.369: require('blink.cmp.config.modes.types')
155.395  000.290  000.290: require('blink.cmp.fuzzy.download.system')
155.442  000.692  000.402: require('blink.cmp.fuzzy.download.files')
155.447  001.009  000.317: require('blink.cmp.fuzzy.download.git')
155.451  001.455  000.446: require('blink.cmp.fuzzy.download')
173.468  000.275  000.275: sourcing C:/Users/cs23047/AppData/Local/nvim-data/lazy/targets.vim/plugin/targets.vim
173.489  000.617  000.341: sourcing nvim_exec2() called at C:\Users\cs23047\AppData\Local\nvim\init.lua:0
173.503  000.003  000.003: sourcing nvim_exec2() called at C:\Users\cs23047\AppData\Local\nvim\init.lua:0
173.554  000.001  000.001: sourcing nvim_exec2() called at C:\Users\cs23047\AppData\Local\nvim\init.lua:0
174.235  000.004  000.004: sourcing nvim_exec2() called at C:\Users\cs23047\AppData\Local\nvim\init.lua:0
174.271  000.002  000.002: sourcing nvim_exec2() called at C:\Users\cs23047\AppData\Local\nvim\init.lua:0
176.894  000.557  000.557: require('tiny-inline-diagnostic.timer')
176.907  001.048  000.491: require('tiny-inline-diagnostic.autocmds')
177.486  000.575  000.575: require('tiny-inline-diagnostic.cache')
178.298  000.377  000.377: require('tiny-inline-diagnostic.extmark_writer')
178.312  000.816  000.440: require('tiny-inline-diagnostic.extmarks')
178.854  000.539  000.539: require('tiny-inline-diagnostic.filter')
179.639  000.384  000.384: require('tiny-inline-diagnostic.utils')
179.648  000.787  000.402: require('tiny-inline-diagnostic.handlers')
180.984  000.355  000.355: require('tiny-inline-diagnostic.highlighter_builder')
180.996  000.659  000.303: require('tiny-inline-diagnostic.highlights')
181.331  000.331  000.331: require('tiny-inline-diagnostic.overflow_strategies')
181.342  001.339  000.349: require('tiny-inline-diagnostic.chunk')
181.733  000.387  000.387: require('tiny-inline-diagnostic.state')
182.126  000.385  000.385: require('tiny-inline-diagnostic.virtual_text')
182.136  002.484  000.373: require('tiny-inline-diagnostic.renderer')
182.141  006.860  000.611: require('tiny-inline-diagnostic.diagnostic')
182.488  000.344  000.344: require('tiny-inline-diagnostic.presets')
182.514  008.215  001.012: require('tiny-inline-diagnostic')
184.848  000.529  000.529: sourcing C:\Program Files\Neovim\share/nvim/runtime/plugin/editorconfig.lua
184.874  000.994  000.465: sourcing nvim_exec2() called at C:\Users\cs23047\AppData\Local\nvim\init.lua:0
185.483  000.219  000.219: sourcing C:\Program Files\Neovim\share/nvim/runtime/plugin/gzip.vim
185.502  000.615  000.396: sourcing nvim_exec2() called at C:\Users\cs23047\AppData\Local\nvim\init.lua:0
186.464  000.541  000.541: sourcing C:\Program Files\Neovim\share/nvim/runtime/plugin/man.lua
186.524  001.007  000.466: sourcing nvim_exec2() called at C:\Users\cs23047\AppData\Local\nvim\init.lua:0
189.101  000.267  000.267: sourcing C:\Program Files\Neovim\share\nvim\runtime\pack\dist\opt\matchit\plugin\matchit.vim
189.184  002.186  001.919: sourcing C:\Program Files\Neovim\share/nvim/runtime/plugin/matchit.vim
189.194  002.657  000.471: sourcing nvim_exec2() called at C:\Users\cs23047\AppData\Local\nvim\init.lua:0
190.140  000.229  000.229: sourcing C:\Program Files\Neovim\share/nvim/runtime/plugin/matchparen.vim
190.162  000.951  000.722: sourcing nvim_exec2() called at C:\Users\cs23047\AppData\Local\nvim\init.lua:0
191.152  000.572  000.572: sourcing C:\Program Files\Neovim\share/nvim/runtime/plugin/net.lua
191.176  000.999  000.427: sourcing nvim_exec2() called at C:\Users\cs23047\AppData\Local\nvim\init.lua:0
191.699  000.052  000.052: sourcing C:\Program Files\Neovim\share/nvim/runtime/plugin/netrwPlugin.vim
191.718  000.530  000.479: sourcing nvim_exec2() called at C:\Users\cs23047\AppData\Local\nvim\init.lua:0
192.533  000.424  000.424: sourcing C:\Program Files\Neovim\share/nvim/runtime/plugin/osc52.lua
192.555  000.823  000.399: sourcing nvim_exec2() called at C:\Users\cs23047\AppData\Local\nvim\init.lua:0
193.227  000.325  000.325: sourcing C:\Program Files\Neovim\share/nvim/runtime/plugin/rplugin.vim
193.243  000.677  000.352: sourcing nvim_exec2() called at C:\Users\cs23047\AppData\Local\nvim\init.lua:0
194.065  000.465  000.465: sourcing C:\Program Files\Neovim\share/nvim/runtime/plugin/shada.lua
194.088  000.833  000.368: sourcing nvim_exec2() called at C:\Users\cs23047\AppData\Local\nvim\init.lua:0
195.694  000.848  000.848: sourcing C:\Program Files\Neovim\share/nvim/runtime/plugin/spellfile.lua
195.745  001.589  000.740: sourcing nvim_exec2() called at C:\Users\cs23047\AppData\Local\nvim\init.lua:0
196.744  000.158  000.158: sourcing C:\Program Files\Neovim\share/nvim/runtime/plugin/tarPlugin.vim
196.764  000.996  000.837: sourcing nvim_exec2() called at C:\Users\cs23047\AppData\Local\nvim\init.lua:0
197.303  000.060  000.060: sourcing C:\Program Files\Neovim\share/nvim/runtime/plugin/tutor.vim
197.332  000.552  000.491: sourcing nvim_exec2() called at C:\Users\cs23047\AppData\Local\nvim\init.lua:0
197.941  000.169  000.169: sourcing C:\Program Files\Neovim\share/nvim/runtime/plugin/zipPlugin.vim
197.957  000.609  000.440: sourcing nvim_exec2() called at C:\Users\cs23047\AppData\Local\nvim\init.lua:0
199.129  000.491  000.491: sourcing C:\Users\cs23047\AppData\Local\nvim-data\lazy\indent-blankline.nvim\after/plugin/commands.lua
199.163  000.893  000.402: sourcing nvim_exec2() called at C:\Users\cs23047\AppData\Local\nvim\init.lua:0
200.493  000.925  000.925: require('highlights')
201.513  001.004  001.004: require('options')
202.884  000.527  000.527: require('vim.lsp.buf')
202.923  001.400  000.874: require('keymaps')
203.520  000.035  000.035: sourcing nvim_exec2() called at C:\Users\cs23047\AppData\Local\nvim\init.lua:0
203.529  000.602  000.566: require('commands')
204.220  000.689  000.689: require('osset')
204.746  000.518  000.518: require('fTerm')
221.113  193.839  078.789: sourcing C:\Users\cs23047\AppData\Local\nvim\init.lua
221.160  002.960: sourcing vimrc file(s)
222.254  000.374  000.374: sourcing C:\Program Files\Neovim\share\nvim\runtime\filetype.lua
223.879  000.176  000.176: sourcing C:\Program Files\Neovim\share\nvim\runtime\syntax\synload.vim
224.533  001.487  001.311: sourcing C:\Program Files\Neovim\share/nvim/runtime/syntax/syntax.vim
224.583  001.561: inits 3
230.155  005.572: reading ShaDa
